[     637ms] [WARNING] Manifest: property 'migrate_from' ignored, manifest must specify an 'id' property in order to receive a migration. @ https://www.youtube.com/manifest.webmanifest:0
[    1560ms] [ERROR] Failed to load resource: the server responded with a status of 401 () @ https://accounts.google.com/ServiceLogin?service=youtube&uilel=3&passive=true&continue=https%3A%2F%2Fwww.youtube.com%2Fsignin%3Faction_handle_signin%3Dtrue%26app%3Ddesktop%26hl%3Dit%26next%3D%252Fsignin_passive%26feature%3Dpassive&hl=it:0
[    1652ms] [INFO] LegacyDataMixin will be applied to all legacy elements.
Set `_legacyUndefinedCheck: true` on element class to enable. @ https://www.youtube.com/s/_/ytmainappweb/_/js/k=ytmainappweb.kevlar_base.en_US.H1MFdOkUQog.es5.O/am=AAAAAAQAEAASAw/d=1/br=1/rs=AGKMywFjcrrwUTmAV5ti2UGzHrq7MQNHPQ/m=kevlar_base_module,kevlar_main_module,kevlar_base_sync_mod_chunk:10140
[    7145ms] [WARNING] The resource https://rr2---sn-2ohpa5-55.c.youtube.com/generate_204 was preloaded using link preload but not used within a few seconds from the window's load event. Please make sure it has an appropriate `as` value and it is preloaded intentionally. @ https://www.youtube.com/watch?v=aqz-KE-bpKQ:0
[    7145ms] [WARNING] The resource https://i.ytimg.com/generate_204 was preloaded using link preload but not used within a few seconds from the window's load event. Please make sure it has an appropriate `as` value and it is preloaded intentionally. @ https://www.youtube.com/watch?v=aqz-KE-bpKQ:0
[    7145ms] [WARNING] The resource https://rr2---sn-2ohpa5-55.googlevideo.com/generate_204 was preloaded using link preload but not used within a few seconds from the window's load event. Please make sure it has an appropriate `as` value and it is preloaded intentionally. @ https://www.youtube.com/watch?v=aqz-KE-bpKQ:0
[   11333ms] [WARNING] The resource https://rr2---sn-2ohpa5-55.c.youtube.com/generate_204 was preloaded using link preload but not used within a few seconds from the window's load event. Please make sure it has an appropriate `as` value and it is preloaded intentionally. @ https://www.youtube.com/watch?v=aqz-KE-bpKQ:0
[   11333ms] [WARNING] The resource https://i.ytimg.com/generate_204 was preloaded using link preload but not used within a few seconds from the window's load event. Please make sure it has an appropriate `as` value and it is preloaded intentionally. @ https://www.youtube.com/watch?v=aqz-KE-bpKQ:0
[   11333ms] [WARNING] The resource https://rr2---sn-2ohpa5-55.googlevideo.com/generate_204 was preloaded using link preload but not used within a few seconds from the window's load event. Please make sure it has an appropriate `as` value and it is preloaded intentionally. @ https://www.youtube.com/watch?v=aqz-KE-bpKQ:0
[   14346ms] [WARNING] The resource https://rr2---sn-2ohpa5-55.c.youtube.com/generate_204 was preloaded using link preload but not used within a few seconds from the window's load event. Please make sure it has an appropriate `as` value and it is preloaded intentionally. @ https://www.youtube.com/watch?v=aqz-KE-bpKQ:0
[   14346ms] [WARNING] The resource https://i.ytimg.com/generate_204 was preloaded using link preload but not used within a few seconds from the window's load event. Please make sure it has an appropriate `as` value and it is preloaded intentionally. @ https://www.youtube.com/watch?v=aqz-KE-bpKQ:0
[   14346ms] [WARNING] The resource https://rr2---sn-2ohpa5-55.googlevideo.com/generate_204 was preloaded using link preload but not used within a few seconds from the window's load event. Please make sure it has an appropriate `as` value and it is preloaded intentionally. @ https://www.youtube.com/watch?v=aqz-KE-bpKQ:0
[   21323ms] [WARNING] The resource https://rr2---sn-2ohpa5-55.c.youtube.com/generate_204 was preloaded using link preload but not used within a few seconds from the window's load event. Please make sure it has an appropriate `as` value and it is preloaded intentionally. @ https://www.youtube.com/watch?v=aqz-KE-bpKQ:0
[   21323ms] [WARNING] The resource https://i.ytimg.com/generate_204 was preloaded using link preload but not used within a few seconds from the window's load event. Please make sure it has an appropriate `as` value and it is preloaded intentionally. @ https://www.youtube.com/watch?v=aqz-KE-bpKQ:0
[   21323ms] [WARNING] The resource https://rr2---sn-2ohpa5-55.googlevideo.com/generate_204 was preloaded using link preload but not used within a few seconds from the window's load event. Please make sure it has an appropriate `as` value and it is preloaded intentionally. @ https://www.youtube.com/watch?v=aqz-KE-bpKQ:0
[   74443ms] [WARNING] The resource https://rr2---sn-2ohpa5-55.c.youtube.com/generate_204 was preloaded using link preload but not used within a few seconds from the window's load event. Please make sure it has an appropriate `as` value and it is preloaded intentionally. @ https://www.youtube.com/watch?v=aqz-KE-bpKQ:0
[   74443ms] [WARNING] The resource https://i.ytimg.com/generate_204 was preloaded using link preload but not used within a few seconds from the window's load event. Please make sure it has an appropriate `as` value and it is preloaded intentionally. @ https://www.youtube.com/watch?v=aqz-KE-bpKQ:0
[   74443ms] [WARNING] The resource https://rr2---sn-2ohpa5-55.googlevideo.com/generate_204 was preloaded using link preload but not used within a few seconds from the window's load event. Please make sure it has an appropriate `as` value and it is preloaded intentionally. @ https://www.youtube.com/watch?v=aqz-KE-bpKQ:0
[  306405ms] [WARNING] The resource https://rr2---sn-2ohpa5-55.c.youtube.com/generate_204 was preloaded using link preload but not used within a few seconds from the window's load event. Please make sure it has an appropriate `as` value and it is preloaded intentionally. @ https://www.youtube.com/watch?v=aqz-KE-bpKQ:0
[  306405ms] [WARNING] The resource https://i.ytimg.com/generate_204 was preloaded using link preload but not used within a few seconds from the window's load event. Please make sure it has an appropriate `as` value and it is preloaded intentionally. @ https://www.youtube.com/watch?v=aqz-KE-bpKQ:0
[  306405ms] [WARNING] The resource https://rr2---sn-2ohpa5-55.googlevideo.com/generate_204 was preloaded using link preload but not used within a few seconds from the window's load event. Please make sure it has an appropriate `as` value and it is preloaded intentionally. @ https://www.youtube.com/watch?v=aqz-KE-bpKQ:0
